E:\2026\Festora\backend\verification_test.py:109: DeprecationWarning: datetime.datetime.utcnow() is deprecated and scheduled for removal in a future version. Use timezone-aware objects to represent datetimes in UTC: datetime.datetime.now(datetime.UTC).
  "event_date": (datetime.utcnow() + timedelta(days=1)).isoformat(),
E:\2026\Festora\backend\verification_test.py:110: DeprecationWarning: datetime.datetime.utcnow() is deprecated and scheduled for removal in a future version. Use timezone-aware objects to represent datetimes in UTC: datetime.datetime.now(datetime.UTC).
  "registration_deadline": (datetime.utcnow() + timedelta(hours=5)).isoformat(),

--- Iteration 1 ---
Logging in Admin...
Creating Solo Event...
Solo Event Created: 6996c288ef7d885450e1d022
Creating Group Event...
Group Event Created: 6996c28bef7d885450e1d023
Registering Solo...
Solo Registered: 6996c292ef7d885450e1d025
Registering Group...
Group Registered (Team): 6996c29bef7d885450e1d028
Approving Solo...
Solo Approved
Approving Group...
Group Approved
Fetching Participants (Solo)...
Solo Participants: 1
Fetching Participants (Group)...
Group Participants: 2
--- Iteration 1 Logic Passed ---


--- Iteration 2 ---
Logging in Admin...
Creating Solo Event...
Solo Event Created: 6996c2adef7d885450e1d02d
Creating Group Event...
Group Event Created: 6996c2afef7d885450e1d02e
Registering Solo...
Solo Registered: 6996c2b6ef7d885450e1d030
Registering Group...
Group Registered (Team): 6996c2c0ef7d885450e1d033
Approving Solo...
Solo Approved
Approving Group...
Group Approved
Fetching Participants (Solo)...
Solo Participants: 1
Fetching Participants (Group)...
Group Participants: 2
--- Iteration 2 Logic Passed ---


--- Iteration 3 ---
Logging in Admin...
Creating Solo Event...
Solo Event Created: 6996c2d1ef7d885450e1d038
Creating Group Event...
Group Event Created: 6996c2d3ef7d885450e1d039
Registering Solo...
Solo Registered: 6996c2daef7d885450e1d03b
Registering Group...
Group Registered (Team): 6996c2e3ef7d885450e1d03e
Approving Solo...
Solo Approved
Approving Group...
Group Approved
Fetching Participants (Solo)...
Solo Participants: 1
Fetching Participants (Group)...
Group Participants: 2
--- Iteration 3 Logic Passed ---

ALL TESTS PASSED
